******************************************************************************
                  TI ARM Linker PC v18.12.5                    
******************************************************************************
>> Linked Fri Apr 17 01:28:34 2020

OUTPUT FILE NAME:   <ble5_project_zero_cc2640r2lp_app.out>
ENTRY POINT SYMBOL: "ResetISR"  address: 000167b1


MEMORY CONFIGURATION

         name            origin    length      used     unused   attr    fill
----------------------  --------  ---------  --------  --------  ----  --------
  FLASH                 00000000   0001f000  0001ed73  0000028d  R  X
  FLASH_LAST_PAGE       0001f000   00001000  00000058  00000fa8  R  X
  SRAM                  20000000   00004400  00002c6d  00001793  RW X


SEGMENT ALLOCATION MAP

run origin  load origin   length   init length attrs members
----------  ----------- ---------- ----------- ----- -------
00000000    00000000    0001cf5c   0001cf5c    r-x
  00000000    00000000    0000003c   0000003c    r-- .resetVecs
  0000003c    0000003c    00000fc4   00000fc4    r-x .text.1
  00001000    00001000    00000028   00000028    r-- .const:ti_sysbios_heaps_HeapMem_Module__FXNS__C
  00001028    00001028    00000024   00000024    r-- .const:ti_sysbios_gates_GateHwi_Module__FXNS__C
  0000104c    0000104c    00000024   00000024    r-- .const:ti_sysbios_gates_GateMutex_Module__FXNS__C
  00001070    00001070    00000020   00000020    r-- .const:ti_sysbios_family_arm_m3_Hwi_Object__DESC__C
  00001090    00001090    00000020   00000020    r-- .const:ti_sysbios_gates_GateHwi_Object__DESC__C
  000010b0    000010b0    00000020   00000020    r-- .const:ti_sysbios_gates_GateMutex_Object__DESC__C
  000010d0    000010d0    00000020   00000020    r-- .const:ti_sysbios_hal_Hwi_Object__DESC__C
  000010f0    000010f0    00000020   00000020    r-- .const:ti_sysbios_heaps_HeapMem_Object__DESC__C
  00001110    00001110    00000020   00000020    r-- .const:ti_sysbios_knl_Clock_Object__DESC__C
  00001130    00001130    00000020   00000020    r-- .const:ti_sysbios_knl_Event_Object__DESC__C
  00001150    00001150    00000020   00000020    r-- .const:ti_sysbios_knl_Mailbox_Object__DESC__C
  00001170    00001170    00000020   00000020    r-- .const:ti_sysbios_knl_Queue_Object__DESC__C
  00001190    00001190    00000020   00000020    r-- .const:ti_sysbios_knl_Semaphore_Object__DESC__C
  000011b0    000011b0    00000020   00000020    r-- .const:ti_sysbios_knl_Swi_Object__DESC__C
  000011d0    000011d0    00000020   00000020    r-- .const:ti_sysbios_knl_Task_Object__DESC__C
  000011f0    000011f0    00000008   00000008    r-- .const:ti_sysbios_knl_Idle_funcList__C
  000011f8    000011f8    00000004   00000004    r-- .const:ti_sysbios_family_arm_cc26xx_Timer_startupNeeded__C
  000011fc    000011fc    00000004   00000004    r-- .const:ti_sysbios_family_arm_m3_Hwi_E_alreadyDefined__C
  00001200    00001200    00000004   00000004    r-- .const:ti_sysbios_family_arm_m3_Hwi_E_hwiLimitExceeded__C
  00001204    00001204    00000004   00000004    r-- .const:ti_sysbios_family_arm_m3_Hwi_NUM_INTERRUPTS__C
  00001208    00001208    00000004   00000004    r-- .const:ti_sysbios_family_arm_m3_Hwi_Object__count__C
  0000120c    0000120c    00000004   00000004    r-- .const:ti_sysbios_family_arm_m3_Hwi_Object__table__C
  00001210    00001210    00000004   00000004    r-- .const:ti_sysbios_family_arm_m3_Hwi_ccr__C
  00001214    00001214    00000004   00000004    r-- .const:ti_sysbios_family_arm_m3_Hwi_excHandlerFunc__C
  00001218    00001218    00000004   00000004    r-- .const:ti_sysbios_family_arm_m3_Hwi_nullIsrFunc__C
  0000121c    0000121c    00000004   00000004    r-- .const:ti_sysbios_family_arm_m3_Hwi_numSparseInterrupts__C
  00001220    00001220    00000004   00000004    r-- .const:ti_sysbios_family_arm_m3_Hwi_priGroup__C
  00001224    00001224    00000004   00000004    r-- .const:ti_sysbios_family_arm_m3_TaskSupport_stackAlignment__C
  00001228    00001228    00000004   00000004    r-- .const:ti_sysbios_heaps_HeapMem_E_memory__C
  0000122c    0000122c    00000004   00000004    r-- .const:ti_sysbios_heaps_HeapMem_Module__gateObj__C
  00001230    00001230    00000004   00000004    r-- .const:ti_sysbios_heaps_HeapMem_Object__count__C
  00001234    00001234    00000004   00000004    r-- .const:ti_sysbios_heaps_HeapMem_Object__table__C
  00001238    00001238    00000004   00000004    r-- .const:ti_sysbios_heaps_HeapMem_reqAlign__C
  0000123c    0000123c    00000004   00000004    r-- .const:ti_sysbios_knl_Clock_triggerClock__C
  00001240    00001240    00000004   00000004    r-- .const:ti_sysbios_knl_Mailbox_Object__count__C
  00001244    00001244    00000004   00000004    r-- .const:ti_sysbios_knl_Mailbox_Object__table__C
  00001248    00001248    00000004   00000004    r-- .const:ti_sysbios_knl_Mailbox_maxTypeAlign__C
  0000124c    0000124c    00000004   00000004    r-- .const:ti_sysbios_knl_Queue_Object__count__C
  00001250    00001250    00000004   00000004    r-- .const:ti_sysbios_knl_Queue_Object__table__C
  00001254    00001254    00000004   00000004    r-- .const:ti_sysbios_knl_Semaphore_eventPost__C
  00001258    00001258    00000004   00000004    r-- .const:ti_sysbios_knl_Semaphore_eventSync__C
  0000125c    0000125c    00000004   00000004    r-- .const:ti_sysbios_knl_Swi_Object__count__C
  00001260    00001260    00000004   00000004    r-- .const:ti_sysbios_knl_Swi_Object__table__C
  00001264    00001264    00000004   00000004    r-- .const:ti_sysbios_knl_Swi_numPriorities__C
  00001268    00001268    00000004   00000004    r-- .const:ti_sysbios_knl_Task_Object__count__C
  0000126c    0000126c    00000004   00000004    r-- .const:ti_sysbios_knl_Task_Object__table__C
  00001270    00001270    00000004   00000004    r-- .const:ti_sysbios_knl_Task_allBlockedFunc__C
  00001274    00001274    00000004   00000004    r-- .const:ti_sysbios_knl_Task_defaultStackHeap__C
  00001278    00001278    00000004   00000004    r-- .const:ti_sysbios_knl_Task_defaultStackSize__C
  0000127c    0000127c    00000004   00000004    r-- .const:ti_sysbios_knl_Task_numConstructedTasks__C
  00001280    00001280    00000002   00000002    r-- .const:ti_sysbios_family_arm_cc26xx_Timer_Module__id__C
  00001282    00001282    00000002   00000002    r-- .const:ti_sysbios_family_arm_cc26xx_TimestampProvider_useClockTimer__C
  00001284    00001284    00000002   00000002    r-- .const:ti_sysbios_family_arm_m3_Hwi_Module__id__C
  00001286    00001286    00000002   00000002    r-- .const:ti_sysbios_gates_GateHwi_Module__id__C
  00001288    00001288    00000002   00000002    r-- .const:ti_sysbios_gates_GateMutex_Module__id__C
  0000128a    0000128a    00000002   00000002    r-- .const:ti_sysbios_heaps_HeapMem_Module__id__C
  0000128c    0000128c    00000002   00000002    r-- .const:ti_sysbios_knl_Task_initStackFlag__C
  0000128e    0000128e    00000001   00000001    r-- .const:ti_sysbios_knl_Clock_tickMode__C
  00001290    00001290    00000008   00000008    r-- .const:xdc_runtime_Startup_firstFxns__C
  00001298    00001298    00000008   00000008    r-- .const:xdc_runtime_Startup_lastFxns__C
  000012a0    000012a0    00000004   00000004    r-- .const:xdc_runtime_Assert_E_assertFailed__C
  000012a4    000012a4    00000004   00000004    r-- .const:xdc_runtime_Error_E_memory__C
  000012a8    000012a8    00000004   00000004    r-- .const:xdc_runtime_Error_policyFxn__C
  000012ac    000012ac    00000004   00000004    r-- .const:xdc_runtime_Error_raiseHook__C
  000012b0    000012b0    00000004   00000004    r-- .const:xdc_runtime_IGateProvider_Interface__BASE__C
  000012b4    000012b4    00000004   00000004    r-- .const:xdc_runtime_IHeap_Interface__BASE__C
  000012b8    000012b8    00000004   00000004    r-- .const:xdc_runtime_IModule_Interface__BASE__C
  000012bc    000012bc    00000004   00000004    r-- .const:xdc_runtime_Memory_defaultHeapInstance__C
  000012c0    000012c0    00000004   00000004    r-- .const:xdc_runtime_Startup_execImpl__C
  000012c4    000012c4    00000004   00000004    r-- .const:xdc_runtime_Startup_maxPasses__C
  000012c8    000012c8    00000004   00000004    r-- .const:xdc_runtime_Startup_sfxnRts__C
  000012cc    000012cc    00000004   00000004    r-- .const:xdc_runtime_Startup_sfxnTab__C
  000012d0    000012d0    00000004   00000004    r-- .const:xdc_runtime_Startup_startModsFxn__C
  000012d4    000012d4    00000004   00000004    r-- .const:xdc_runtime_SysCallback_abortFxn__C
  000012d8    000012d8    00000004   00000004    r-- .const:xdc_runtime_SysCallback_exitFxn__C
  000012dc    000012dc    00000004   00000004    r-- .const:xdc_runtime_System_abortFxn__C
  000012e0    000012e0    00000004   00000004    r-- .const:xdc_runtime_System_exitFxn__C
  000012e4    000012e4    00000004   00000004    r-- .const:xdc_runtime_System_maxAtexitHandlers__C
  000012e8    000012e8    00000004   00000004    r-- .const:xdc_runtime_Text_charTab__C
  000012ec    000012ec    00000004   00000004    r-- .const:xdc_runtime_Text_nameEmpty__C
  000012f0    000012f0    00000004   00000004    r-- .const:xdc_runtime_Text_nameStatic__C
  000012f4    000012f4    00000004   00000004    r-- .const:xdc_runtime_Text_nameUnknown__C
  000012f8    000012f8    00000002   00000002    r-- .const:xdc_runtime_Error_maxDepth__C
  000012fa    000012fa    00000002   00000002    r-- .const:xdc_runtime_Memory_Module__id__C
  000012fc    000012fc    00000002   00000002    r-- .const:xdc_runtime_Text_charCnt__C
  000012fe    000012fe    00000002   00000002    r-- .const:xdc_runtime_Text_isLoaded__C
  00001300    00001300    00000001   00000001    r-- .const:xdc_runtime_Error_policy__C
  00001304    00001304    00000004   00000004    r-- .const:ti_sysbios_rom_ROM_ti_sysbios_family_arm_cc26xx_Timer_getCount64__E
  00001308    00001308    00000004   00000004    r-- .const:ti_sysbios_rom_ROM_ti_sysbios_family_arm_cc26xx_Timer_getCurrentTick__E
  0000130c    0000130c    00000004   00000004    r-- .const:ti_sysbios_rom_ROM_ti_sysbios_family_arm_cc26xx_Timer_getMaxTicks__E
  00001310    00001310    00000004   00000004    r-- .const:ti_sysbios_rom_ROM_ti_sysbios_family_arm_cc26xx_Timer_initDevice__I
  00001314    00001314    00000004   00000004    r-- .const:ti_sysbios_rom_ROM_ti_sysbios_family_arm_cc26xx_Timer_setNextTick__E
  00001318    00001318    00000004   00000004    r-- .const:ti_sysbios_rom_ROM_ti_sysbios_family_arm_cc26xx_Timer_setThreshold__I
  0000131c    0000131c    00000004   00000004    r-- .const:ti_sysbios_rom_ROM_ti_sysbios_family_arm_cc26xx_Timer_start__E
  00001320    00001320    00000004   00000004    r-- .const:ti_sysbios_rom_ROM_ti_sysbios_family_arm_cc26xx_TimestampProvider_get32__E
  00001324    00001324    00000004   00000004    r-- .const:ti_sysbios_rom_ROM_xdc_runtime_Startup_getState__I
  00001328    00001328    00000004   00000004    r-- .const:ti_sysbios_rom_ROM_xdc_runtime_System_SupportProxy_abort__E
  0000132c    0000132c    00000004   00000004    r-- .const:ti_sysbios_rom_ROM_xdc_runtime_System_SupportProxy_exit__E
  00001330    00001330    00019cd8   00019cd8    r-x .text.2
  0001b008    0001b008    000010ab   000010ab    r-- .const
  0001c0b4    0001c0b4    00000ea8   00000ea8    r-- .rodata
0001d000    0001d000    00001e1c   00001e1c    r--
  0001d000    0001d000    00001000   00001000    r-- .TI.bound:NV_FLASH
  0001e000    0001e000    00000e1c   00000e1c    r-- .cinit
0001ffa8    0001ffa8    00000058   00000058    r--
  0001ffa8    0001ffa8    00000058   00000058    r-- .ccfg
20000100    20000100    000027a7   00000000    rw-
  20000100    20000100    00000044   00000000    rw- .data:ti_sysbios_knl_Task_Module__state__V
  20000144    20000144    00000034   00000000    rw- .data:ti_sysbios_family_arm_m3_Hwi_Module__state__V
  20000178    20000178    0000002c   00000000    rw- .data:ti_sysbios_knl_Clock_Module__state__V
  200001a4    200001a4    00000024   00000000    rw- .data:ti_sysbios_BIOS_Module__state__V
  200001c8    200001c8    0000001c   00000000    rw- .data:ti_sysbios_knl_Swi_Module__state__V
  200001e4    200001e4    00000008   00000000    rw- .data:ti_sysbios_family_arm_cc26xx_Timer_Module__state__V
  200001ec    200001ec    00000004   00000000    rw- .data:ti_sysbios_family_arm_cc26xx_TimestampProvider_Module__state__V
  200001f0    200001f0    00000008   00000000    rw- .data:xdc_runtime_Startup_Module__state__V
  200001f8    200001f8    00000008   00000000    rw- .data:xdc_runtime_System_Module__state__V
  20000200    20000200    00000004   00000000    rw- .data:xdc_runtime_Memory_Module__state__V
  20000204    20000204    00000002   00000000    rw- .data:xdc_runtime_Error_Module__state__V
  20000208    20000208    00000cd1   00000000    rw- .data
  20000ee0    20000ee0    000019c7   00000000    rw- .bss
20004000    20004000    00000400   00000000    rw-
  20004000    20004000    00000400   00000000    rw- .stack


SECTION ALLOCATION MAP

 output                                  attributes/
section   page    origin      length       input sections
--------  ----  ----------  ----------   ----------------
.const:ti_sysbios_heaps_HeapMem_Module__FXNS__C 
*          0    00001000    00000028     
                  00001000    00000028     app_ble_pem3.oem3 (.const:ti_sysbios_heaps_HeapMem_Module__FXNS__C)

.const:ti_sysbios_gates_GateHwi_Module__FXNS__C 
*          0    00001028    00000024     
                  00001028    00000024     app_ble_pem3.oem3 (.const:ti_sysbios_gates_GateHwi_Module__FXNS__C)

.const:ti_sysbios_gates_GateMutex_Module__FXNS__C 
*          0    0000104c    00000024     
                  0000104c    00000024     app_ble_pem3.oem3 (.const:ti_sysbios_gates_GateMutex_Module__FXNS__C)

.const:ti_sysbios_family_arm_m3_Hwi_Object__DESC__C 
*          0    00001070    00000020     
                  00001070    00000020     app_ble_pem3.oem3 (.const:ti_sysbios_family_arm_m3_Hwi_Object__DESC__C)

.const:ti_sysbios_gates_GateHwi_Object__DESC__C 
*          0    00001090    00000020     
                  00001090    00000020     app_ble_pem3.oem3 (.const:ti_sysbios_gates_GateHwi_Object__DESC__C)

.const:ti_sysbios_gates_GateMutex_Object__DESC__C 
*          0    000010b0    00000020     
                  000010b0    00000020     app_ble_pem3.oem3 (.const:ti_sysbios_gates_GateMutex_Object__DESC__C)

.const:ti_sysbios_hal_Hwi_Object__DESC__C 
*          0    000010d0    00000020     
                  000010d0    00000020     app_ble_pem3.oem3 (.const:ti_sysbios_hal_Hwi_Object__DESC__C)

.const:ti_sysbios_heaps_HeapMem_Object__DESC__C 
*          0    000010f0    00000020     
                  000010f0    00000020     app_ble_pem3.oem3 (.const:ti_sysbios_heaps_HeapMem_Object__DESC__C)

.const:ti_sysbios_knl_Clock_Object__DESC__C 
*          0    00001110    00000020     
                  00001110    00000020     app_ble_pem3.oem3 (.const:ti_sysbios_knl_Clock_Object__DESC__C)

.const:ti_sysbios_knl_Event_Object__DESC__C 
*          0    00001130    00000020     
                  00001130    00000020     app_ble_pem3.oem3 (.const:ti_sysbios_knl_Event_Object__DESC__C)

.const:ti_sysbios_knl_Mailbox_Object__DESC__C 
*          0    00001150    00000020     
                  00001150    00000020     app_ble_pem3.oem3 (.const:ti_sysbios_knl_Mailbox_Object__DESC__C)

.const:ti_sysbios_knl_Queue_Object__DESC__C 
*          0    00001170    00000020     
                  00001170    00000020     app_ble_pem3.oem3 (.const:ti_sysbios_knl_Queue_Object__DESC__C)

.const:ti_sysbios_knl_Semaphore_Object__DESC__C 
*          0    00001190    00000020     
                  00001190    00000020     app_ble_pem3.oem3 (.const:ti_sysbios_knl_Semaphore_Object__DESC__C)

.const:ti_sysbios_knl_Swi_Object__DESC__C 
*          0    000011b0    00000020     
                  000011b0    00000020     app_ble_pem3.oem3 (.const:ti_sysbios_knl_Swi_Object__DESC__C)

.const:ti_sysbios_knl_Task_Object__DESC__C 
*          0    000011d0    00000020     
                  000011d0    00000020     app_ble_pem3.oem3 (.const:ti_sysbios_knl_Task_Object__DESC__C)

.const:ti_sysbios_knl_Idle_funcList__C 
*          0    000011f0    00000008     
                  000011f0    00000008     app_ble_pem3.oem3 (.const:ti_sysbios_knl_Idle_funcList__C)

.const:ti_sysbios_family_arm_cc26xx_Timer_startupNeeded__C 
*          0    000011f8    00000004     
                  000011f8    00000004     app_ble_pem3.oem3 (.const:ti_sysbios_family_arm_cc26xx_Timer_startupNeeded__C)

.const:ti_sysbios_family_arm_m3_Hwi_E_alreadyDefined__C 
*          0    000011fc    00000004     
                  000011fc    00000004     app_ble_pem3.oem3 (.const:ti_sysbios_family_arm_m3_Hwi_E_alreadyDefined__C)

.const:ti_sysbios_family_arm_m3_Hwi_E_hwiLimitExceeded__C 
*          0    00001200    00000004     
                  00001200    00000004     app_ble_pem3.oem3 (.const:ti_sysbios_family_arm_m3_Hwi_E_hwiLimitExceeded__C)

.const:ti_sysbios_family_arm_m3_Hwi_NUM_INTERRUPTS__C 
*          0    00001204    00000004     
                  00001204    00000004     app_ble_pem3.oem3 (.const:ti_sysbios_family_arm_m3_Hwi_NUM_INTERRUPTS__C)

.const:ti_sysbios_family_arm_m3_Hwi_Object__count__C 
*          0    00001208    00000004     
                  00001208    00000004     app_ble_pem3.oem3 (.const:ti_sysbios_family_arm_m3_Hwi_Object__count__C)

.const:ti_sysbios_family_arm_m3_Hwi_Object__table__C 
*          0    0000120c    00000004     
                  0000120c    00000004     app_ble_pem3.oem3 (.const:ti_sysbios_family_arm_m3_Hwi_Object__table__C)

.const:ti_sysbios_family_arm_m3_Hwi_ccr__C 
*          0    00001210    00000004     
                  00001210    00000004     app_ble_pem3.oem3 (.const:ti_sysbios_family_arm_m3_Hwi_ccr__C)

.const:ti_sysbios_family_arm_m3_Hwi_excHandlerFunc__C 
*          0    00001214    00000004     
                  00001214    00000004     app_ble_pem3.oem3 (.const:ti_sysbios_family_arm_m3_Hwi_excHandlerFunc__C)

.const:ti_sysbios_family_arm_m3_Hwi_nullIsrFunc__C 
*          0    00001218    00000004     
                  00001218    00000004     app_ble_pem3.oem3 (.const:ti_sysbios_family_arm_m3_Hwi_nullIsrFunc__C)

.const:ti_sysbios_family_arm_m3_Hwi_numSparseInterrupts__C 
*          0    0000121c    00000004     
                  0000121c    00000004     app_ble_pem3.oem3 (.const:ti_sysbios_family_arm_m3_Hwi_numSparseInterrupts__C)

.const:ti_sysbios_family_arm_m3_Hwi_priGroup__C 
*          0    00001220    00000004     
                  00001220    00000004     app_ble_pem3.oem3 (.const:ti_sysbios_family_arm_m3_Hwi_priGroup__C)

.const:ti_sysbios_family_arm_m3_TaskSupport_stackAlignment__C 
*          0    00001224    00000004     
                  00001224    00000004     app_ble_pem3.oem3 (.const:ti_sysbios_family_arm_m3_TaskSupport_stackAlignment__C)

.const:ti_sysbios_heaps_HeapMem_E_memory__C 
*          0    00001228    00000004     
                  00001228    00000004     app_ble_pem3.oem3 (.const:ti_sysbios_heaps_HeapMem_E_memory__C)

.const:ti_sysbios_heaps_HeapMem_Module__gateObj__C 
*          0    0000122c    00000004     
                  0000122c    00000004     app_ble_pem3.oem3 (.const:ti_sysbios_heaps_HeapMem_Module__gateObj__C)

.const:ti_sysbios_heaps_HeapMem_Object__count__C 
*          0    00001230    00000004     
                  00001230    00000004     app_ble_pem3.oem3 (.const:ti_sysbios_heaps_HeapMem_Object__count__C)

.const:ti_sysbios_heaps_HeapMem_Object__table__C 
*          0    00001234    00000004     
                  00001234    00000004     app_ble_pem3.oem3 (.const:ti_sysbios_heaps_HeapMem_Object__table__C)

.const:ti_sysbios_heaps_HeapMem_reqAlign__C 
*          0    00001238    00000004     
                  00001238    00000004     app_ble_pem3.oem3 (.const:ti_sysbios_heaps_HeapMem_reqAlign__C)

.const:ti_sysbios_knl_Clock_triggerClock__C 
*          0    0000123c    00000004     
                  0000123c    00000004     app_ble_pem3.oem3 (.const:ti_sysbios_knl_Clock_triggerClock__C)

.const:ti_sysbios_knl_Mailbox_Object__count__C 
*          0    00001240    00000004     
                  00001240    00000004     app_ble_pem3.oem3 (.const:ti_sysbios_knl_Mailbox_Object__count__C)

.const:ti_sysbios_knl_Mailbox_Object__table__C 
*          0    00001244    00000004     
                  00001244    00000004     app_ble_pem3.oem3 (.const:ti_sysbios_knl_Mailbox_Object__table__C)

.const:ti_sysbios_knl_Mailbox_maxTypeAlign__C 
*          0    00001248    00000004     
                  00001248    00000004     app_ble_pem3.oem3 (.const:ti_sysbios_knl_Mailbox_maxTypeAlign__C)

.const:ti_sysbios_knl_Queue_Object__count__C 
*          0    0000124c    00000004     
                  0000124c    00000004     app_ble_pem3.oem3 (.const:ti_sysbios_knl_Queue_Object__count__C)

.const:ti_sysbios_knl_Queue_Object__table__C 
*          0    00001250    00000004     
                  00001250    00000004     app_ble_pem3.oem3 (.const:ti_sysbios_knl_Queue_Object__table__C)

.const:ti_sysbios_knl_Semaphore_eventPost__C 
*          0    00001254    00000004     
                  00001254    00000004     app_ble_pem3.oem3 (.const:ti_sysbios_knl_Semaphore_eventPost__C)

.const:ti_sysbios_knl_Semaphore_eventSync__C 
*          0    00001258    00000004     
                  00001258    00000004     app_ble_pem3.oem3 (.const:ti_sysbios_knl_Semaphore_eventSync__C)

.const:ti_sysbios_knl_Swi_Object__count__C 
*          0    0000125c    00000004     
                  0000125c    00000004     app_ble_pem3.oem3 (.const:ti_sysbios_knl_Swi_Object__count__C)

.const:ti_sysbios_knl_Swi_Object__table__C 
*          0    00001260    00000004     
                  00001260    00000004     app_ble_pem3.oem3 (.const:ti_sysbios_knl_Swi_Object__table__C)

.const:ti_sysbios_knl_Swi_numPriorities__C 
*          0    00001264    00000004     
                  00001264    00000004     app_ble_pem3.oem3 (.const:ti_sysbios_knl_Swi_numPriorities__C)

.const:ti_sysbios_knl_Task_Object__count__C 
*          0    00001268    00000004     
                  00001268    00000004     app_ble_pem3.oem3 (.const:ti_sysbios_knl_Task_Object__count__C)

.const:ti_sysbios_knl_Task_Object__table__C 
*          0    0000126c    00000004     
                  0000126c    00000004     app_ble_pem3.oem3 (.const:ti_sysbios_knl_Task_Object__table__C)

.const:ti_sysbios_knl_Task_allBlockedFunc__C 
*          0    00001270    00000004     
                  00001270    00000004     app_ble_pem3.oem3 (.const:ti_sysbios_knl_Task_allBlockedFunc__C)

.const:ti_sysbios_knl_Task_defaultStackHeap__C 
*          0    00001274    00000004     
                  00001274    00000004     app_ble_pem3.oem3 (.const:ti_sysbios_knl_Task_defaultStackHeap__C)

.const:ti_sysbios_knl_Task_defaultStackSize__C 
*          0    00001278    00000004     
                  00001278    00000004     app_ble_pem3.oem3 (.const:ti_sysbios_knl_Task_defaultStackSize__C)

.const:ti_sysbios_knl_Task_numConstructedTasks__C 
*          0    0000127c    00000004     
                  0000127c    00000004     app_ble_pem3.oem3 (.const:ti_sysbios_knl_Task_numConstructedTasks__C)

.const:ti_sysbios_family_arm_cc26xx_Timer_Module__id__C 
*          0    00001280    00000002     
                  00001280    00000002     app_ble_pem3.oem3 (.const:ti_sysbios_family_arm_cc26xx_Timer_Module__id__C)

.const:ti_sysbios_family_arm_cc26xx_TimestampProvider_useClockTimer__C 
*          0    00001282    00000002     
                  00001282    00000002     app_ble_pem3.oem3 (.const:ti_sysbios_family_arm_cc26xx_TimestampProvider_useClockTimer__C)

.const:ti_sysbios_family_arm_m3_Hwi_Module__id__C 
*          0    00001284    00000002     
                  00001284    00000002     app_ble_pem3.oem3 (.const:ti_sysbios_family_arm_m3_Hwi_Module__id__C)

.const:ti_sysbios_gates_GateHwi_Module__id__C 
*          0    00001286    00000002     
                  00001286    00000002     app_ble_pem3.oem3 (.const:ti_sysbios_gates_GateHwi_Module__id__C)

.const:ti_sysbios_gates_GateMutex_Module__id__C 
*          0    00001288    00000002     
                  00001288    00000002     app_ble_pem3.oem3 (.const:ti_sysbios_gates_GateMutex_Module__id__C)

.const:ti_sysbios_heaps_HeapMem_Module__id__C 
*          0    0000128a    00000002     
                  0000128a    00000002     app_ble_pem3.oem3 (.const:ti_sysbios_heaps_HeapMem_Module__id__C)

.const:ti_sysbios_knl_Task_initStackFlag__C 
*          0    0000128c    00000002     
                  0000128c    00000002     app_ble_pem3.oem3 (.const:ti_sysbios_knl_Task_initStackFlag__C)

.const:ti_sysbios_knl_Clock_tickMode__C 
*          0    0000128e    00000001     
                  0000128e    00000001     app_ble_pem3.oem3 (.const:ti_sysbios_knl_Clock_tickMode__C)

.const:xdc_runtime_Startup_firstFxns__C 
*          0    00001290    00000008     
                  00001290    00000008     app_ble_pem3.oem3 (.const:xdc_runtime_Startup_firstFxns__C)

.const:xdc_runtime_Startup_lastFxns__C 
*          0    00001298    00000008     
                  00001298    00000008     app_ble_pem3.oem3 (.const:xdc_runtime_Startup_lastFxns__C)

.const:xdc_runtime_Assert_E_assertFailed__C 
*          0    000012a0    00000004     
                  000012a0    00000004     app_ble_pem3.oem3 (.const:xdc_runtime_Assert_E_assertFailed__C)

.const:xdc_runtime_Error_E_memory__C 
*          0    000012a4    00000004     
                  000012a4    00000004     app_ble_pem3.oem3 (.const:xdc_runtime_Error_E_memory__C)

.const:xdc_runtime_Error_policyFxn__C 
*          0    000012a8    00000004     
                  000012a8    00000004     app_ble_pem3.oem3 (.const:xdc_runtime_Error_policyFxn__C)

.const:xdc_runtime_Error_raiseHook__C 
*          0    000012ac    00000004     
                  000012ac    00000004     app_ble_pem3.oem3 (.const:xdc_runtime_Error_raiseHook__C)

.const:xdc_runtime_IGateProvider_Interface__BASE__C 
*          0    000012b0    00000004     
                  000012b0    00000004     app_ble_pem3.oem3 (.const:xdc_runtime_IGateProvider_Interface__BASE__C)

.const:xdc_runtime_IHeap_Interface__BASE__C 
*          0    000012b4    00000004     
                  000012b4    00000004     app_ble_pem3.oem3 (.const:xdc_runtime_IHeap_Interface__BASE__C)

.const:xdc_runtime_IModule_Interface__BASE__C 
*          0    000012b8    00000004     
                  000012b8    00000004     app_ble_pem3.oem3 (.const:xdc_runtime_IModule_Interface__BASE__C)

.const:xdc_runtime_Memory_defaultHeapInstance__C 
*          0    000012bc    00000004     
                  000012bc    00000004     app_ble_pem3.oem3 (.const:xdc_runtime_Memory_defaultHeapInstance__C)

.const:xdc_runtime_Startup_execImpl__C 
*          0    000012c0    00000004     
                  000012c0    00000004     app_ble_pem3.oem3 (.const:xdc_runtime_Startup_execImpl__C)

.const:xdc_runtime_Startup_maxPasses__C 
*          0    000012c4    00000004     
                  000012c4    00000004     app_ble_pem3.oem3 (.const:xdc_runtime_Startup_maxPasses__C)

.const:xdc_runtime_Startup_sfxnRts__C 
*          0    000012c8    00000004     
                  000012c8    00000004     app_ble_pem3.oem3 (.const:xdc_runtime_Startup_sfxnRts__C)

.const:xdc_runtime_Startup_sfxnTab__C 
*          0    000012cc    00000004     
                  000012cc    00000004     app_ble_pem3.oem3 (.const:xdc_runtime_Startup_sfxnTab__C)

.const:xdc_runtime_Startup_startModsFxn__C 
*          0    000012d0    00000004     
                  000012d0    00000004     app_ble_pem3.oem3 (.const:xdc_runtime_Startup_startModsFxn__C)

.const:xdc_runtime_SysCallback_abortFxn__C 
*          0    000012d4    00000004     
                  000012d4    00000004     app_ble_pem3.oem3 (.const:xdc_runtime_SysCallback_abortFxn__C)

.const:xdc_runtime_SysCallback_exitFxn__C 
*          0    000012d8    00000004     
                  000012d8    00000004     app_ble_pem3.oem3 (.const:xdc_runtime_SysCallback_exitFxn__C)

.const:xdc_runtime_System_abortFxn__C 
*          0    000012dc    00000004     
                  000012dc    00000004     app_ble_pem3.oem3 (.const:xdc_runtime_System_abortFxn__C)

.const:xdc_runtime_System_exitFxn__C 
*          0    000012e0    00000004     
                  000012e0    00000004     app_ble_pem3.oem3 (.const:xdc_runtime_System_exitFxn__C)

.const:xdc_runtime_System_maxAtexitHandlers__C 
*          0    000012e4    00000004     
                  000012e4    00000004     app_ble_pem3.oem3 (.const:xdc_runtime_System_maxAtexitHandlers__C)

.const:xdc_runtime_Text_charTab__C 
*          0    000012e8    00000004     
                  000012e8    00000004     app_ble_pem3.oem3 (.const:xdc_runtime_Text_charTab__C)

.const:xdc_runtime_Text_nameEmpty__C 
*          0    000012ec    00000004     
                  000012ec    00000004     app_ble_pem3.oem3 (.const:xdc_runtime_Text_nameEmpty__C)

.const:xdc_runtime_Text_nameStatic__C 
*          0    000012f0    00000004     
                  000012f0    00000004     app_ble_pem3.oem3 (.const:xdc_runtime_Text_nameStatic__C)

.const:xdc_runtime_Text_nameUnknown__C 
*          0    000012f4    00000004     
                  000012f4    00000004     app_ble_pem3.oem3 (.const:xdc_runtime_Text_nameUnknown__C)

.const:xdc_runtime_Error_maxDepth__C 
*          0    000012f8    00000002     
                  000012f8    00000002     app_ble_pem3.oem3 (.const:xdc_runtime_Error_maxDepth__C)

.const:xdc_runtime_Memory_Module__id__C 
*          0    000012fa    00000002     
                  000012fa    00000002     app_ble_pem3.oem3 (.const:xdc_runtime_Memory_Module__id__C)

.const:xdc_runtime_Text_charCnt__C 
*          0    000012fc    00000002     
                  000012fc    00000002     app_ble_pem3.oem3 (.const:xdc_runtime_Text_charCnt__C)

.const:xdc_runtime_Text_isLoaded__C 
*          0    000012fe    00000002     
                  000012fe    00000002     app_ble_pem3.oem3 (.const:xdc_runtime_Text_isLoaded__C)

.const:xdc_runtime_Error_policy__C 
*          0    00001300    00000001     
                  00001300    00000001     app_ble_pem3.oem3 (.const:xdc_runtime_Error_policy__C)

.const:ti_sysbios_rom_ROM_ti_sysbios_family_arm_cc26xx_Timer_getCount64__E 
*          0    00001304    00000004     
                  00001304    00000004     app_ble_pem3.oem3 (.const:ti_sysbios_rom_ROM_ti_sysbios_family_arm_cc26xx_Timer_getCount64__E)

.const:ti_sysbios_rom_ROM_ti_sysbios_family_arm_cc26xx_Timer_getCurrentTick__E 
*          0    00001308    00000004     
                  00001308    00000004     app_ble_pem3.oem3 (.const:ti_sysbios_rom_ROM_ti_sysbios_family_arm_cc26xx_Timer_getCurrentTick__E)

.const:ti_sysbios_rom_ROM_ti_sysbios_family_arm_cc26xx_Timer_getMaxTicks__E 
*          0    0000130c    00000004     
                  0000130c    00000004     app_ble_pem3.oem3 (.const:ti_sysbios_rom_ROM_ti_sysbios_family_arm_cc26xx_Timer_getMaxTicks__E)

.const:ti_sysbios_rom_ROM_ti_sysbios_family_arm_cc26xx_Timer_initDevice__I 
*          0    00001310    00000004     
                  00001310    00000004     app_ble_pem3.oem3 (.const:ti_sysbios_rom_ROM_ti_sysbios_family_arm_cc26xx_Timer_initDevice__I)

.const:ti_sysbios_rom_ROM_ti_sysbios_family_arm_cc26xx_Timer_setNextTick__E 
*          0    00001314    00000004     
                  00001314    00000004     app_ble_pem3.oem3 (.const:ti_sysbios_rom_ROM_ti_sysbios_family_arm_cc26xx_Timer_setNextTick__E)

.const:ti_sysbios_rom_ROM_ti_sysbios_family_arm_cc26xx_Timer_setThreshold__I 
*          0    00001318    00000004     
                  00001318    00000004     app_ble_pem3.oem3 (.const:ti_sysbios_rom_ROM_ti_sysbios_family_arm_cc26xx_Timer_setThreshold__I)

.const:ti_sysbios_rom_ROM_ti_sysbios_family_arm_cc26xx_Timer_start__E 
*          0    0000131c    00000004     
                  0000131c    00000004     app_ble_pem3.oem3 (.const:ti_sysbios_rom_ROM_ti_sysbios_family_arm_cc26xx_Timer_start__E)

.const:ti_sysbios_rom_ROM_ti_sysbios_family_arm_cc26xx_TimestampProvider_get32__E 
*          0    00001320    00000004     
                  00001320    00000004     app_ble_pem3.oem3 (.const:ti_sysbios_rom_ROM_ti_sysbios_family_arm_cc26xx_TimestampProvider_get32__E)

.const:ti_sysbios_rom_ROM_xdc_runtime_Startup_getState__I 
*          0    00001324    00000004     
                  00001324    00000004     app_ble_pem3.oem3 (.const:ti_sysbios_rom_ROM_xdc_runtime_Startup_getState__I)

.const:ti_sysbios_rom_ROM_xdc_runtime_System_SupportProxy_abort__E 
*          0    00001328    00000004     
                  00001328    00000004     app_ble_pem3.oem3 (.const:ti_sysbios_rom_ROM_xdc_runtime_System_SupportProxy_abort__E)

.const:ti_sysbios_rom_ROM_xdc_runtime_System_SupportProxy_exit__E 
*          0    0000132c    00000004     
                  0000132c    00000004     app_ble_pem3.oem3 (.const:ti_sysbios_rom_ROM_xdc_runtime_System_SupportProxy_exit__E)

.TI.bound:NV_FLASH 
*          0    0001d000    00001000     
                  0001d000    00001000     ble5_project_zero_cc2640r2lp_stack_library.lib : osal_snv_wrapper.obj (.TI.bound:NV_FLASH)

.data:ti_sysbios_knl_Task_Module__state__V 
*          0    20000100    00000044     UNINITIALIZED
                  20000100    00000044     app_ble_pem3.oem3 (.data:ti_sysbios_knl_Task_Module__state__V)

.data:ti_sysbios_family_arm_m3_Hwi_Module__state__V 
*          0    20000144    00000034     UNINITIALIZED
                  20000144    00000034     app_ble_pem3.oem3 (.data:ti_sysbios_family_arm_m3_Hwi_Module__state__V)

.data:ti_sysbios_knl_Clock_Module__state__V 
*          0    20000178    0000002c     UNINITIALIZED
                  20000178    0000002c     app_ble_pem3.oem3 (.data:ti_sysbios_knl_Clock_Module__state__V)

.data:ti_sysbios_BIOS_Module__state__V 
*          0    200001a4    00000024     UNINITIALIZED
                  200001a4    00000024     app_ble_pem3.oem3 (.data:ti_sysbios_BIOS_Module__state__V)

.data:ti_sysbios_knl_Swi_Module__state__V 
*          0    200001c8    0000001c     UNINITIALIZED
                  200001c8    0000001c     app_ble_pem3.oem3 (.data:ti_sysbios_knl_Swi_Module__state__V)

.data:ti_sysbios_family_arm_cc26xx_Timer_Module__state__V 
*          0    200001e4    00000008     UNINITIALIZED
                  200001e4    00000008     app_ble_pem3.oem3 (.data:ti_sysbios_family_arm_cc26xx_Timer_Module__state__V)

.data:ti_sysbios_family_arm_cc26xx_TimestampProvider_Module__state__V 
*          0    200001ec    00000004     UNINITIALIZED
                  200001ec    00000004     app_ble_pem3.oem3 (.data:ti_sysbios_family_arm_cc26xx_TimestampProvider_Module__state__V)

.data:xdc_runtime_Startup_Module__state__V 
*          0    200001f0    00000008     UNINITIALIZED
                  200001f0    00000008     app_ble_pem3.oem3 (.data:xdc_runtime_Startup_Module__state__V)

.data:xdc_runtime_System_Module__state__V 
*          0    200001f8    00000008     UNINITIALIZED
                  200001f8    00000008     app_ble_pem3.oem3 (.data:xdc_runtime_System_Module__state__V)

.data:xdc_runtime_Memory_Module__state__V 
*          0    20000200    00000004     UNINITIALIZED
                  20000200    00000004     app_ble_pem3.oem3 (.data:xdc_runtime_Memory_Module__state__V)

.data:xdc_runtime_Error_Module__state__V 
*          0    20000204    00000002     UNINITIALIZED
                  20000204    00000002     app_ble_pem3.oem3 (.data:xdc_runtime_Error_Module__state__V)

.bootVecs 
*          0    00000000    00000008     DSECT
                  00000000    00000008     boot.aem3 : boot.oem3 (.bootVecs)

.resetVecs 
*          0    00000000    0000003c     
                  00000000    0000003c     app_ble_pem3.oem3 (.resetVecs)

.vecs      0    20000000    000000c8     NOLOAD SECTION
                  20000000    000000c8     app_ble_pem3.oem3 (.vecs)

xdc.meta   0    00000000    0000010e     COPY SECTION
                  00000000    0000010e     app_ble_pem3.oem3 (xdc.meta)

xdc.noload 
*          0    00000000    00000000     COPY SECTION

.cinit     0    0001e000    00000e1c     
                  0001e000    00000cd9     (.cinit..data.load) [load image]
                  0001ecd9    00000029     (.cinit..data:ti_sysbios_family_arm_m3_Hwi_Module__state__V.load) [load image, compression = lzss]
                  0001ed02    00000021     (.cinit..data:ti_sysbios_knl_Task_Module__state__V.load) [load image, compression = lzss]
                  0001ed23    0000001f     (.cinit..data:ti_sysbios_BIOS_Module__state__V.load) [load image, compression = lzss]
                  0001ed42    0000001e     (.cinit..data:ti_sysbios_knl_Clock_Module__state__V.load) [load image, compression = lzss]
                  0001ed60    00000010     (.cinit..data:ti_sysbios_knl_Swi_Module__state__V.load) [load image, compression = lzss]
                  0001ed70    0000000c     (__TI_handler_table)
                  0001ed7c    0000000b     (.cinit..data:ti_sysbios_family_arm_cc26xx_Timer_Module__state__V.load) [load image, compression = lzss]
                  0001ed87    00000001     --HOLE-- [fill = 0]
                  0001ed88    00000008     (.cinit..bss.load) [load image, compression = zero_init]
                  0001ed90    00000008     (.cinit..data:xdc_runtime_Memory_Module__state__V.load) [load image, compression = lzss]
                  0001ed98    00000007     (.cinit..data:ti_sysbios_family_arm_cc26xx_TimestampProvider_Module__state__V.load) [load image, compression = lzss]
                  0001ed9f    00000007     (.cinit..data:xdc_runtime_Startup_Module__state__V.load) [load image, compression = lzss]
                  0001eda6    00000007     (.cinit..data:xdc_runtime_System_Module__state__V.load) [load image, compression = lzss]
                  0001edad    00000006     (.cinit..data:xdc_runtime_Error_Module__state__V.load) [load image, compression = lzss]
                  0001edb3    00000001     --HOLE-- [fill = 0]
                  0001edb4    00000068     (__TI_cinit_table)

.init_array 
*          0    00000000    00000000     UNINITIALIZED

.ccfg      0    0001ffa8    00000058     
                  0001ffa8    00000058     ccfg_app_ble.obj (.ccfg:retain)

.data      0    20000208    00000cd1     UNINITIALIZED
                  20000208    00000130     devinfoservice.obj (.data:devInfoAttrTbl)
                  20000338    00000114     drivers_cc26x0r2.aem3 : PINCC26XX.oem3 (.data:$O1$$)
                  2000044c    00000114                           : PowerCC26XX.oem3 (.data:PowerCC26XX_module)
                  20000560    000000d8     ble5_project_zero_cc2640r2lp_stack_library.lib : gapbondmgr.obj (.data:$O1$$)
                  20000638    00000090     profiles_pxxx.a : gapgattserver.o (.data)
                  200006c8    0000007c     ble5_project_zero_cc2640r2lp_stack_library.lib : osal_cbtimer.obj (.data:$O1$$)
                  20000744    00000070     button_service.obj (.data:Button_ServiceAttrTbl)
                  200007b4    00000060     data_service.obj (.data:Data_ServiceAttrTbl)
                  20000814    00000058     drivers_cc26x0r2.aem3 : CryptoResourceCC26XX.oem3 (.data:$O1$$)
                  2000086c    00000050     led_service.obj (.data:LED_ServiceAttrTbl)
                  200008bc    0000004c     app_ble_pem3.oem3 (.data:ti_sysbios_knl_Task_Object__table__V)
                  20000908    00000048     app_ble_pem3.oem3 (.data:ti_sysbios_family_arm_cc26xx_Timer_Object__table__V)
                  20000950    00000040     ble_user_config.obj (.data:rfRegTbl)
                  20000990    0000003c     ll_pxxx.a : ll_config.o (.data)
                  200009cc    00000038     app_ble_pem3.oem3 (.data:ti_sysbios_gates_GateMutex_Object__table__V)
                  20000a04    00000030     app_ble_pem3.oem3 (.data:ti_sysbios_knl_Swi_Module_State_0_readyQ__A)
                  20000a34    00000030     app_ble_pem3.oem3 (.data:ti_sysbios_knl_Swi_Object__table__V)
                  20000a64    00000030     app_ble_pem3.oem3 (.data:ti_sysbios_knl_Task_Module_State_0_readyQ__A)
                  20000a94    00000028     ble5_project_zero_cc2640r2lp_stack_library.lib : osal.obj (.data:$O1$$)
                  20000abc    00000028     data_service.obj (.data:ds_StringVal)
                  20000ae4    00000028     project_zero.obj (.data:received_string$7)
                  20000b0c    00000024     profiles_pxxx.a : gapgattserver.o (.data)
                  20000b30    00000020     ECCROMCC26XX.obj (.data:K2_mont)
                  20000b50    00000020     project_zero.obj (.data:localNameStr$9)
                  20000b70    00000020     app_ble_pem3.oem3 (.data:ti_sysbios_knl_Clock_Object__table__V)
                  20000b90    00000020     app_ble_pem3.oem3 (.data:xdc_runtime_Error_IgnoreBlock)
                  20000bb0    0000001c     icall.obj (.data)
                  20000bcc    00000018     sm_pxxx.a : sm_rsppairing.o (.data)
                  20000be4    00000018     app_ble_pem3.oem3 (.data:ti_sysbios_family_arm_m3_Hwi_Object__table__V)
                  20000bfc    00000015     project_zero.obj (.data:attDeviceName)
                  20000c11    00000015     devinfoservice.obj (.data:devInfoFirmwareRev)
                  20000c26    00000015     devinfoservice.obj (.data:devInfoHardwareRev)
                  20000c3b    00000015     devinfoservice.obj (.data:devInfoMfrName)
                  20000c50    00000015     devinfoservice.obj (.data:devInfoModelNumber)
                  20000c65    00000015     devinfoservice.obj (.data:devInfoSerialNumber)
                  20000c7a    00000015     devinfoservice.obj (.data:devInfoSoftwareRev)
                  20000c8f    00000014     data_service.obj (.data:ds_StreamVal)
                  20000ca3    00000001     ECCROMCC26XX.obj (.data)
                  20000ca4    00000014     gap_pxxx.a : gap_configmgr.o (.data)
                  20000cb8    00000012     project_zero.obj (.data:scanRspData)
                  20000cca    00000010     project_zero.obj (.data:advertData)
                  20000cda    00000002     project_zero.obj (.data)
                  20000cdc    00000010     icall_user_config.obj (.data:bleAppServiceInfoTable)
                  20000cec    00000010     gap_pxxx.a : gap_configmgr.o (.data)
                  20000cfc    00000010     icall_api_lite.obj (.data)
                  20000d0c    00000010     ll_pxxx.a : ll.o (.data)
                  20000d1c    00000010     profiles_pxxx.a : gattservapp.o (.data)
                  20000d2c    00000010     main.obj (.data:user0Cfg)
                  20000d3c    0000000e     devinfoservice.obj (.data:defaultDevInfo11073Cert)
                  20000d4a    00000002     sm_pxxx.a : sm_mgr.o (.data)
                  20000d4c    0000000e     devinfoservice.obj (.data)
                  20000d5a    00000002     app_ble_pem3.oem3 (.data:ti_sysbios_family_arm_m3_Hwi_Module_State_0_excActive__A)
                  20000d5c    0000000c     project_zero.obj (.data:buttonPinTable)
                  20000d68    0000000c     button_service.obj (.data)
                  20000d74    0000000c     data_service.obj (.data)
                  20000d80    0000000c     project_zero.obj (.data:ledPinTable)
                  20000d8c    0000000c     led_service.obj (.data)
                  20000d98    0000000c     ll_pxxx.a : ll_data.o (.data)
                  20000da4    0000000c     ble_user_config.obj (.data:rfRegTbl1M)
                  20000db0    0000000c     ble_user_config.obj (.data:rfRegTblCoded)
                  20000dbc    0000000c     app_ble_pem3.oem3 (.data:ti_sysbios_heaps_HeapCallback_Object__table__V)
                  20000dc8    0000000a     UartLog.obj (.data)
                  20000dd2    00000001     TRNGCC26XX.obj (.data)
                  20000dd3    00000001     ble5_project_zero_cc2640r2lp_stack_library.lib : gap.obj (.data)
                  20000dd4    00000008                                                    : hal_assert.obj (.data:$O1$$)
                  20000ddc    00000008                                                    : osal_clock.obj (.data:$O1$$)
                  20000de4    00000008     rtsv7M4_T_le_eabi.lib : _lock.c.obj (.data:$O1$$)
                  20000dec    00000008     project_zero.obj (.data:ProjectZero_BondMgrCBs)
                  20000df4    00000008     project_zero.obj (.data:ProjectZero_Button_ServiceCBs)
                  20000dfc    00000008     project_zero.obj (.data:ProjectZero_Data_ServiceCBs)
                  20000e04    00000008     project_zero.obj (.data:ProjectZero_LED_ServiceCBs)
                  20000e0c    00000008     devinfoservice.obj (.data:devInfoSystemId)
                  20000e14    00000008     gap_pxxx.a : gap_advertiser.o (.data)
                  20000e1c    00000008     icall_cc2650.obj (.data)
                  20000e24    00000008     ble_user_config.obj (.data:rfRegTbl2M)
                  20000e2c    00000008     app_ble_pem3.oem3 (.data:ti_sysbios_family_arm_m3_Hwi_Module__root__V)
                  20000e34    00000008     app_ble_pem3.oem3 (.data:ti_sysbios_gates_GateHwi_Module__root__V)
                  20000e3c    00000008     app_ble_pem3.oem3 (.data:ti_sysbios_gates_GateMutex_Module__root__V)
                  20000e44    00000008     app_ble_pem3.oem3 (.data:ti_sysbios_hal_Hwi_Module__root__V)
                  20000e4c    00000008     app_ble_pem3.oem3 (.data:ti_sysbios_heaps_HeapCallback_Module__root__V)
                  20000e54    00000008     app_ble_pem3.oem3 (.data:ti_sysbios_heaps_HeapMem_Module__root__V)
                  20000e5c    00000008     app_ble_pem3.oem3 (.data:ti_sysbios_knl_Clock_Module__root__V)
                  20000e64    00000008     app_ble_pem3.oem3 (.data:ti_sysbios_knl_Event_Module__root__V)
                  20000e6c    00000008     app_ble_pem3.oem3 (.data:ti_sysbios_knl_Mailbox_Module__root__V)
                  20000e74    00000008     app_ble_pem3.oem3 (.data:ti_sysbios_knl_Queue_Module__root__V)
                  20000e7c    00000008     app_ble_pem3.oem3 (.data:ti_sysbios_knl_Semaphore_Module__root__V)
                  20000e84    00000008     app_ble_pem3.oem3 (.data:ti_sysbios_knl_Swi_Module__root__V)
                  20000e8c    00000008     app_ble_pem3.oem3 (.data:ti_sysbios_knl_Task_Module__root__V)
                  20000e94    00000008     app_ble_pem3.oem3 (.data:xdc_runtime_Registry_Module__state__V)
                  20000e9c    00000007     devinfoservice.obj (.data:devInfoPnpId)
                  20000ea3    00000001     button_service.obj (.data:bs_BUTTON0Val)
                  20000ea4    00000004     ble5_project_zero_cc2640r2lp_stack_library.lib : osal_pwrmgr.obj (.data:$O1$$)
                  20000ea8    00000004                                                    : osal_snv_wrapper.obj (.data:$O1$$)
                  20000eac    00000004     icall.obj (.data:ICall_initParams)
                  20000eb0    00000004     ble5_project_zero_cc2640r2lp_stack_library.lib : ble_user_config.obj (.data)
                  20000eb4    00000004                                                    : osal_bufmgr.obj (.data)
                  20000eb8    00000004     ble_user_config.obj (.data)
                  20000ebc    00000004     rtsv7M4_T_le_eabi.lib : stkdepth_vars.c.obj (.data)
                  20000ec0    00000004     app_ble_pem3.oem3 (.data:ti_sysbios_family_arm_m3_Hwi_Module_State_0_excContext__A)
                  20000ec4    00000004     app_ble_pem3.oem3 (.data:ti_sysbios_family_arm_m3_Hwi_Module_State_0_excStack__A)
                  20000ec8    00000004     app_ble_pem3.oem3 (.data:ti_sysbios_knl_Task_Module_State_0_idleTask__A)
                  20000ecc    00000001     button_service.obj (.data:bs_BUTTON1Val)
                  20000ecd    00000001     drivers_cc26x0r2.aem3 : CryptoCC26XX.oem3 (.data)
                  20000ece    00000001                           : UART.oem3 (.data)
                  20000ecf    00000001     gatt_pxxx.a : gatt_client.o (.data)
                  20000ed0    00000001     l2cap_pxxx.a : l2cap_task.o (.data)
                  20000ed1    00000001     ll_pxxx.a : ll_ae.o (.data)
                  20000ed2    00000001               : ll_data.o (.data)
                  20000ed3    00000001     led_service.obj (.data:ls_LED0Val)
                  20000ed4    00000001     led_service.obj (.data:ls_LED1Val)
                  20000ed5    00000001     profiles_pxxx.a : gapgattserver.o (.data)
                  20000ed6    00000001                     : gapgattserver.o (.data)
                  20000ed7    00000001                     : gapgattserver.o (.data)
                  20000ed8    00000001                     : gapgattserver.o (.data)

.bss       0    20000ee0    000019c7     UNINITIALIZED
                  20000ee0    00000800     (.common:appTaskStack)
                  200016e0    00000500     (.common:uartLog_evBuf)
                  20001be0    000003a0     rf_singleMode_cc26x0r2.aem3 : RFCC26XX_singleMode.oem3 (.bss:$O1$$)
                  20001f80    00000200     app_ble_pem3.oem3 (.bss:taskStackSection)
                  20002180    0000012c     (.common:uartCC26XXObjects)
                  200022ac    000000d4     ll_pxxx.a : ll_privacy.o (.bss)
                  20002380    000000c8     (.common:ti_sysbios_family_arm_m3_Hwi_dispatchTable)
                  20002448    000000ac     (.common:uartLog_outBuf)
                  200024f4    00000050     (.common:pzTask)
                  20002544    00000048     icall.obj (.bss:ICall_entities)
                  2000258c    00000044     ll_pxxx.a : ll_ae.o (.bss)
                  200025d0    00000038               : ble.o (.bss)
                  20002608    0000002c     (.common:cryptoCC26XXObjects)
                  20002634    00000024     icall.obj (.bss:ICall_tasks)
                  20002658    00000024     project_zero.obj (.bss:button0DebounceClock)
                  2000267c    00000024     project_zero.obj (.bss:button1DebounceClock)
                  200026a0    00000024     ll_pxxx.a : ll.o (.bss)
                  200026c4    00000020     project_zero.obj (.bss)
                  200026e4    00000020     (.common:uartCC26XXRingBuffer)
                  20002704    0000001c     ll_pxxx.a : ble.o (.bss)
                  20002720    00000014     rf_singleMode_cc26x0r2.aem3 : RFCC26XX_singleMode.oem3 (.bss:RF_ratSyncCmd)
                  20002734    00000014     project_zero.obj (.bss:addrStr$2)
                  20002748    00000014     project_zero.obj (.bss:addrStr$4)
                  2000275c    00000014     project_zero.obj (.bss:addrStr$5)
                  20002770    00000014     ll_pxxx.a : ll.o (.bss)
                  20002784    00000014     driverlib.lib : osc.obj (.bss:oscHfGlobals)
                  20002798    00000010     gap_pxxx.a : gap_configmgr.o (.bss)
                  200027a8    00000010     project_zero.obj (.bss:pretty_data_holder$6)
                  200027b8    0000000c     ble5_project_zero_cc2640r2lp_stack_library.lib : osal_timers.obj (.bss:$O1$$)
                  200027c4    0000000c     project_zero.obj (.bss:appMsgQueue)
                  200027d0    0000000c     project_zero.obj (.bss:buttonPinState)
                  200027dc    0000000c     project_zero.obj (.bss:connList)
                  200027e8    0000000c     icall.obj (.bss)
                  200027f4    0000000c     project_zero.obj (.bss:ledPinState)
                  20002800    0000000c     ll_pxxx.a : ll_scheduler.o (.bss)
                  2000280c    00000008     dpl_cc26x0r2.aem3 : PowerCC26XX_tirtos.oem3 (.bss:$O1$$)
                  20002814    00000008     button_service.obj (.bss)
                  2000281c    00000008     ll_pxxx.a : ll_common.o (.bss)
                  20002824    00000008     project_zero.obj (.bss:paramUpdateList)
                  2000282c    00000008     driverlib.lib : sys_ctrl.obj (.bss:powerQualGlobals)
                  20002834    00000008     profiles_pxxx.a : gattservapp.o (.bss)
                  2000283c    00000008     project_zero.obj (.bss:setPhyCommStatList)
                  20002844    00000004     ECCROMCC26XX.obj (.bss)
                  20002848    00000004     att_pxxx.a : att_client.o (.bss)
                  2000284c    00000004     data_service.obj (.bss)
                  20002850    00000004     gap_pxxx.a : gap_task.o (.bss)
                  20002854    00000004     gatt_pxxx.a : gatt_client.o (.bss)
                  20002858    00000004     ll_pxxx.a : ble.o (.bss)
                  2000285c    00000004               : ble.o (.bss)
                  20002860    00000004               : ll.o (.bss)
                  20002864    00000004               : ll.o (.bss)
                  20002868    00000004               : ll.o (.bss)
                  2000286c    00000004               : ll.o (.bss)
                  20002870    00000004               : ll.o (.bss)
                  20002874    00000004               : ll_ae.o (.bss)
                  20002878    00000004               : ll_privacy.o (.bss)
                  2000287c    00000004     profiles_pxxx.a : gapgattserver.o (.bss)
                  20002880    00000004     (.common:ClockP_tickPeriod)
                  20002884    00000004     (.common:HEAPMGR_SIZE)
                  20002888    00000004     (.common:tasksEvents)
                  2000288c    00000004     (.common:trngCC26XXObjects)
                  20002890    00000002     ll_pxxx.a : ll.o (.bss)
                  20002892    00000002               : ll.o (.bss)
                  20002894    00000002               : ll_slave_end_causes.o (.bss)
                  20002896    00000001     att_pxxx.a : att_util.o (.bss)
                  20002897    00000001     drivers_cc26x0r2.aem3 : CryptoCC26XX.oem3 (.bss)
                  20002898    00000001     hci_tl_none.a : hci_tl.o (.bss)
                  20002899    00000001                   : hci_tl.o (.bss)
                  2000289a    00000001                   : hci_tl.o (.bss)
                  2000289b    00000001                   : hci_tl.o (.bss)
                  2000289c    00000001                   : hci_tl.o (.bss)
                  2000289d    00000001     l2cap_pxxx.a : l2cap_task.o (.bss)
                  2000289e    00000001     ll_pxxx.a : ll.o (.bss)
                  2000289f    00000001               : ll.o (.bss)
                  200028a0    00000001               : ll_ae.o (.bss)
                  200028a1    00000001               : ll_ae.o (.bss)
                  200028a2    00000001               : ll_ae.o (.bss)
                  200028a3    00000001     rf_singleMode_cc26x0r2.aem3 : RFCC26XX_singleMode.oem3 (.bss)
                  200028a4    00000001     (.common:driverlib_release_0_56883)
                  200028a5    00000001     (.common:icall_liteTaskId)
                  200028a6    00000001     (.common:osal_entity)

.vtable    0    200028a7    00000000     UNINITIALIZED

.vtable_ram 
*          0    200028a7    00000000     UNINITIALIZED

vtable_ram 
*          0    200028a7    00000000     UNINITIALIZED

.sysmem    0    200028a7    00000000     UNINITIALIZED

.nonretenvar 
*          0    200028a7    00000000     UNINITIALIZED

.stack     0    20004000    00000400     UNINITIALIZED
                  20004000    00000400     --HOLE--

.text.1    0    0000003c    00000fc4     
                  0000003c    00000834     ll_pxxx.a : ble.o (.text)
                  00000870    00000008     ble_r2.symbols (.tramp.llMemCopySrc.1)
                  00000878    00000008     ble_r2.symbols (.tramp.LL_ENC_ReverseBytes.1)
                  00000880    00000008     ble_r2.symbols (.tramp.LL_ENC_GenDeviceSKD.1)
                  00000888    00000008     ble_r2.symbols (.tramp.LL_ENC_GenDeviceIV.1)
                  00000890    00000008     ble_r2.symbols (.tramp.LL_RemoteConnParamReqCback.1)
                  00000898    00000008     ble_r2.symbols (.tramp.llGetSlowestPhy.1)
                  000008a0    00000008     ble_r2.symbols (.tramp.LL_DataLengthChangeEventCback.1)
                  000008a8    00000700     ll_pxxx.a : ll_adv_end_causes.o (.text)
                  00000fa8    00000008     ble_r2.symbols (.tramp.llHardwareError.1)
                  00000fb0    00000008     ble_r2.symbols (.tramp.RFHAL_InitDataQueue.1)
                  00000fb8    00000048     CC2640R2_LAUNCHXL_fxns.obj (.text:CC2640R2_LAUNCHXL_wakeUpExtFlash)

.text.2    0    00001330    00019cd8     
                  00001330    00000510     ll_pxxx.a : ll_slave_end_causes.o (.text)
                  00001840    00000474     project_zero.obj (.text:ProjectZero_processGapMessage)
                  00001cb4    00000470     ll_pxxx.a : ll_slave_end_causes.o (.text)
                  00002124    0000041c     ble5_project_zero_cc2640r2lp_stack_library.lib : gapbondmgr.obj (.text:GAPBondMgr_ProcessGAPMsg)
                  00002540    000003fc     ll_pxxx.a : ll_ae.o (.text)
                  0000293c    000003ac               : ll.o (.text)
                  00002ce8    0000034c     project_zero.obj (.text:ProjectZero_init)
                  00003034    00000324     ll_pxxx.a : ll_isr.o (.text)
                  00003358    00000320     rom_sysbios.aem3 : rom_sysbios.obj (.text:xdc_runtime_System_doPrint__I)
                  00003678    00000314     drivers_cc26x0r2.aem3 : PowerCC26XX_calibrateRCOSC.oem3 (.text:PowerCC26XX_auxISR)
                  0000398c    00000314     ll_pxxx.a : ll_isr.o (.text)
                  00003ca0    000002fc               : ll_ae.o (.text)
                  00003f9c    000002e0               : ll.o (.text)
                  0000427c    000002c0     rf_singleMode_cc26x0r2.aem3 : RFCC26XX_singleMode.oem3 (.text:RF_fsmActiveState)
                  0000453c    000002a8     ll_pxxx.a : ll_slave_end_causes.o (.text)
                  000047e4    0000029c     data_service.obj (.text:Data_Service_WriteAttrCB)
                  00004a80    00000298     ll_pxxx.a : ll_ae.o (.text)
                  00004d18    00000278     drivers_cc26x0r2.aem3 : CryptoCC26XX.oem3 (.text:cryptoTransactionExecute)
                  00004f90    0000024c     ll_pxxx.a : ll_common.o (.text)
                  000051dc    00000244     button_service.obj (.text:ButtonService_SetParameter)
                  00005420    00000244     ll_pxxx.a : ll_common.o (.text)
                  00005664    00000244               : ll_isr.o (.text)
                  000058a8    00000240     data_service.obj (.text:DataService_SetParameter)
                  00005ae8    00000240     ll_pxxx.a : ll_scheduler.o (.text)
                  00005d28    0000022c     drivers_cc26x0r2.aem3 : PowerCC26XX.oem3 (.text:Power_sleep)
                  00005f54    00000220     driverlib.lib : sys_ctrl.obj (.text:NOROM_SysCtrlSetRechargeBeforePowerDown)
                  00006174    0000021c     ll_pxxx.a : ll_scheduler.o (.text)
                  00006390    00000210               : ll_ae.o (.text)
                  000065a0    00000208     ble5_project_zero_cc2640r2lp_stack_library.lib : gapbondmgr.obj (.text:GAPBondMgr_SetParameter)
                  000067a8    00000208     sm_pxxx.a : sm_pairing.o (.text)
                  000069b0    00000200     ll_pxxx.a : ll_ae.o (.text)
                  00006bb0    00000200     profiles_pxxx.a : gattservapp.o (.text)
                  00006db0    000001fc     ble5_project_zero_cc2640r2lp_stack_library.lib : gapbondmgr.obj (.text:GAPBondMgr_ProcessEvent)
                  00006fac    000001ee     main.obj (.text:AssertHandler)
                  0000719a    00000002     ble5_project_zero_cc2640r2lp_stack_library.lib : common_rom_init.obj (.text:CommonROM_Init)
                  0000719c    000001ec     ll_pxxx.a : ll_isr.o (.text)
                  00007388    000001e8     led_service.obj (.text:LED_Service_WriteAttrCB)
                  00007570    000001dc     ECCROMCC26XX.obj (.text:ECC_VerifyPublicKeyWeierstrass)
                  0000774c    000001dc     sm_pxxx.a : sm_rsppairing.o (.text)
                  00007928    000001d8     rf_singleMode_cc26x0r2.aem3 : RFCC26XX_singleMode.oem3 (.text:RF_fsmSetupState)
                  00007b00    000001d8     ble5_project_zero_cc2640r2lp_stack_library.lib : gapbondmgr.obj (.text:gapBondMgrAddBond)
                  00007cd8    000001d8     ll_pxxx.a : ll_common.o (.text)
                  00007eb0    000001c8     ble5_project_zero_cc2640r2lp_stack_library.lib : gap.obj (.text:GAP_DeviceInit)
                  00008078    000001c8                                                    : osal.obj (.text:osal_run_system)
                  00008240    000001b0     drivers_cc26x0r2.aem3 : PINCC26XX.oem3 (.text:PIN_init)
                  000083f0    000001b0     ll_pxxx.a : ll.o (.text)
                  000085a0    000001ac               : ll.o (.text)
                  0000874c    000001a4     ECCROMCC26XX.obj (.text:ECCROMCC26XX_genDHKey)
                  000088f0    000001a0     rf_singleMode_cc26x0r2.aem3 : RFCC26XX_singleMode.oem3 (.text:RF_open)
                  00008a90    000001a0     profiles_pxxx.a : gapgattserver.o (.text)
                  00008c30    00000198     gap_pxxx.a : gap_advertiser.o (.text)
                  00008dc8    00000190     drivers_cc26x0r2.aem3 : PowerCC26XX_calibrateRCOSC.oem3 (.text:PowerCC26XX_doCalibrate)
                  00008f58    0000017c     profiles_pxxx.a : gattservapp.o (.text)
                  000090d4    0000016b     project_zero.obj (.text:ProjectZero_processHCIMsg)
                  0000923f    00000001     --HOLE-- [fill = 0]
                  00009240    00000168     UartLog.obj (.text:uartLog_doPrint)
                  000093a8    00000164     button_service.obj (.text:Button_Service_ReadAttrCB)
                  0000950c    00000160     data_service.obj (.text:Data_Service_ReadAttrCB)
                  0000966c    00000160     led_service.obj (.text:LED_Service_ReadAttrCB)
                  000097cc    0000015c     drivers_cc26x0r2.aem3 : UARTCC26XX.oem3 (.text:UARTCC26XX_open)
                  00009928    0000015c     gatt_pxxx.a : gatt_client.o (.text)
                  00009a84    00000158     led_service.obj (.text:LedService_SetParameter)
                  00009bdc    00000154     ll_pxxx.a : ll_data.o (.text)
                  00009d30    00000150               : ll_common.o (.text)
                  00009e80    00000150               : ll_isr.o (.text)
                  00009fd0    0000014c     gap_pxxx.a : gap_advertiser.o (.text)
                  0000a11c    0000014c     gatt_pxxx.a : gatt_server.o (.text)
                  0000a268    00000148     drivers_cc26x0r2.aem3 : UARTCC26XX.oem3 (.text:UARTCC26XX_hwiIntFxn)
                  0000a3b0    00000144     button_service.obj (.text:Button_Service_WriteAttrCB)
                  0000a4f4    00000140     project_zero.obj (.text:ProjectZero_LedService_ValueChangeHandler)
                  0000a634    0000013c     rf_singleMode_cc26x0r2.aem3 : RFCC26XX_singleMode.oem3 (.text:RF_ratSetupChannel)
                  0000a770    0000013c     ble5_project_zero_cc2640r2lp_stack_library.lib : gapbondmgr.obj (.text:gapBondMgrAuthenticate)
                  0000a8ac    00000136     drivers_cc26x0r2.aem3 : UARTCC26XX.oem3 (.text:UARTCC26XX_read)
                  0000a9e2    00000002     ble_user_config.obj (.text:DefaultAssertCback)
                  0000a9e4    00000130     ll_pxxx.a : ll.o (.text)
                  0000ab14    0000012c     drivers_cc26x0r2.aem3 : PowerCC26XX.oem3 (.text:Power_init)
                  0000ac40    0000012c     project_zero.obj (.text:ProjectZero_handleUpdateLinkEvent)
                  0000ad6c    0000012c     sm_pxxx.a : sm_task.o (.text)
                  0000ae98    00000128     ll_pxxx.a : ll_scheduler.o (.text)
                  0000afc0    00000124     ECCROMCC26XX.obj (.text:ECCROMCC26XX_genKeys)
                  0000b0e4    00000124     ble5_project_zero_cc2640r2lp_stack_library.lib : osal_snv_wrapper.obj (.text:compactPage)
                  0000b208    00000118     profiles_pxxx.a : gattservapp.o (.text)
                  0000b320    00000114     project_zero.obj (.text:ProjectZero_processPairState)
                  0000b434    0000010e     gatt_pxxx.a : gatt_server.o (.text)
                  0000b542    0000010c                 : gatt_client.o (.text)
                  0000b64e    00000002     driverlib.lib : rfc.obj (.text:NOROM_RFCAdi3VcoLdoVoltageMode)
                  0000b650    00000108     ble5_project_zero_cc2640r2lp_stack_library.lib : osal_snv_wrapper.obj (.text:NVOCOP_writeItem)
                  0000b758    00000108     gap_pxxx.a : gap_advertiser.o (.text)
                  0000b860    00000106     icall.obj (.text:ICall_waitMatch)
                  0000b966    00000106     app_ble_pem3.oem3 (.text:xdc_runtime_System_printfExtend__I)
                  0000ba6c    00000104     ll_pxxx.a : ll_common.o (.text)
                  0000bb70    000000fc     rtsv7M4_T_le_eabi.lib : fd_mul_t2.asm.obj (.text)
                  0000bc6c    000000f8     project_zero.obj (.text:ProjectZero_ButtonService_CfgChangeHandler)
                  0000bd64    000000f8     sm_pxxx.a : sm_rsppairing.o (.text)
                  0000be5c    000000f4     gap_pxxx.a : gap_linkmgr.o (.text)
                  0000bf50    000000f0     devinfoservice.obj (.text:DevInfo_SetParameter)
                  0000c040    000000f0     drivers_cc26x0r2.aem3 : PINCC26XX.oem3 (.text:PINCC26XX_setIoCfg)
                  0000c130    000000f0     rf_singleMode_cc26x0r2.aem3 : RFCC26XX_singleMode.oem3 (.text:RF_radioOpDoneCb)
                  0000c220    000000f0     ble5_project_zero_cc2640r2lp_stack_library.lib : osal_timers.obj (.text:osalTimerUpdate)
                  0000c310    000000f0                                                    : ble_user_config.obj (.text:setBleUserConfig)
                  0000c400    000000ee                                                    : gapbondmgr.obj (.text:gapBondMgrEraseBonding)
                  0000c4ee    00000002                                                    : onboard.obj (.text:Onboard_soft_reset)
                  0000c4f0    000000ec     ll_pxxx.a : ll_common.o (.text)
                  0000c5dc    000000ec     profiles_pxxx.a : gattservapp.o (.text)
                  0000c6c8    000000e8     dpl_cc26x0r2.aem3 : PowerCC26XX_tirtos.oem3 (.text:PowerCC26XX_standbyPolicy)
                  0000c7b0    000000e8     project_zero.obj (.text:ProjectZero_DataService_ValueChangeHandler)
                  0000c898    000000e7     project_zero.obj (.text:ProjectZero_DataService_CfgChangeHandler)
                  0000c97f    00000001     --HOLE-- [fill = 0]
                  0000c980    000000e4     gatt_pxxx.a : gatt_client.o (.text)
                  0000ca64    000000e4     ll_pxxx.a : ll_ae.o (.text)
                  0000cb48    000000e4     sm_pxxx.a : sm_pairing.o (.text)
                  0000cc2c    000000e2     drivers_cc26x0r2.aem3 : UARTCC26XX.oem3 (.text:UARTCC26XX_write)
                  0000cd0e    00000002     rf_singleMode_cc26x0r2.aem3 : RFCC26XX_singleMode.oem3 (.text:RF_defaultCallback)
                  0000cd10    000000e0     ble5_project_zero_cc2640r2lp_stack_library.lib : gapbondmgr.obj (.text:gapBondMgr_LinkEst)
                  0000cdf0    000000dc     gap_pxxx.a : gap_linkmgr.o (.text)
                  0000cecc    000000dc                : gap_task.o (.text)
                  0000cfa8    000000dc     hci_pxxx.a : hci_event.o (.text)
                  0000d084    000000dc     ble5_project_zero_cc2640r2lp_stack_library.lib : osal.obj (.text:osal_set_event)
                  0000d160    000000d8     ll_pxxx.a : ll.o (.text)
                  0000d238    000000d8               : ll.o (.text)
                  0000d310    000000d8     sm_pxxx.a : sm_pairing.o (.text)
                  0000d3e8    000000d4     rf_singleMode_cc26x0r2.aem3 : RFCC26XX_singleMode.oem3 (.text:RF_pendCmd)
                  0000d4bc    000000d4     smp_pxxx.a : smp.o (.text)
                  0000d590    000000d0     rf_singleMode_cc26x0r2.aem3 : RFCC26XX_singleMode.oem3 (.text:RF_fsmPowerUpState)
                  0000d660    000000d0                                 : RFCC26XX_singleMode.oem3 (.text:RF_postCmd)
                  0000d730    000000d0     ll_pxxx.a : ll_ae.o (.text)
                  0000d800    000000cc     button_service.obj (.text:ButtonService_AddService)
                  0000d8cc    000000cc     rf_singleMode_cc26x0r2.aem3 : RFCC26XX_singleMode.oem3 (.text:RF_swiHw)
                  0000d998    000000cc     devinfoservice.obj (.text:devInfo_ReadAttrCB)
                  0000da64    000000cc     ll_pxxx.a : ll_ae.o (.text)
                  0000db30    000000c8     rf_singleMode_cc26x0r2.aem3 : RFCC26XX_singleMode.oem3 (.text:RF_control)
                  0000dbf8    000000c8     ll_pxxx.a : ll_data.o (.text)
                  0000dcc0    000000c8     sm_pxxx.a : sm_pairing.o (.text)
                  0000dd88    000000c4               : sm_pairing.o (.text)
                  0000de4c    000000c2     ll_pxxx.a : ll_ae.o (.text)
                  0000df0e    00000002     ble5_project_zero_cc2640r2lp_stack_library.lib : sm_ecc.obj (.text:SM_dhKeyCB)
                  0000df10    000000bf     project_zero.obj (.text:ProjectZero_processAdvEvent)
                  0000dfcf    00000001     --HOLE-- [fill = 0]
                  0000dfd0    000000be     gap_pxxx.a : gap_linkmgr.o (.text)
                  0000e08e    00000002     ble5_project_zero_cc2640r2lp_stack_library.lib : sm_ecc.obj (.text:SM_p256KeyCB)
                  0000e090    000000bc     button_service.obj (.text:ButtonService_RegisterAppCBs)
                  0000e14c    000000bc     ble5_project_zero_cc2640r2lp_stack_library.lib : gapbondmgr.obj (.text:GAPBondMgr_FindAddr)
                  0000e208    000000bc     drivers_cc26x0r2.aem3 : PowerCC26XX.oem3 (.text:Power_releaseDependency)
                  0000e2c4    000000bc     project_zero.obj (.text:ProjectZero_DataService_ValueChangeCB)
                  0000e380    000000bc     project_zero.obj (.text:ProjectZero_processApplicationMessage)
                  0000e43c    000000bc     gap_pxxx.a : gap_advertiser.o (.text)
                  0000e4f8    000000bc     hci_pxxx.a : hci_event.o (.text)
                  0000e5b4    000000bc                : hci_event.o (.text)
                  0000e670    000000bc     ll_pxxx.a : ll_common.o (.text)
                  0000e72c    000000bb     project_zero.obj (.text:ProjectZero_LedService_ValueChangeCB)
                  0000e7e7    00000001     --HOLE-- [fill = 0]
                  0000e7e8    000000b8     data_service.obj (.text:DataService_RegisterAppCBs)
                  0000e8a0    000000b8     project_zero.obj (.text:ProjectZero_taskFxn)
                  0000e958    000000b8     ll_pxxx.a : ll.o (.text)
                  0000ea10    000000b4     gattservapp_util.obj (.text:GATTServApp_ProcessCharCfg)
                  0000eac4    000000b4     led_service.obj (.text:LedService_RegisterAppCBs)
                  0000eb78    000000b4     drivers_cc26x0r2.aem3 : PowerCC26XX.oem3 (.text:Power_setDependency)
                  0000ec2c    000000b0     project_zero.obj (.text:ProjectZero_ButtonService_CfgChangeCB)
                  0000ecdc    000000b0     gap_pxxx.a : gap_advertiser.o (.text)
                  0000ed8c    000000b0                : gap_linkmgr.o (.text)
                  0000ee3c    000000b0     ll_pxxx.a : ble.o (.text)
                  0000eeec    000000ae     project_zero.obj (.text:ProjectZero_DataService_CfgChangeCB)
                  0000ef9a    00000002     rtsv7M4_T_le_eabi.lib : _lock.c.obj (.text:_nop)
                  0000ef9c    000000ae     project_zero.obj (.text:ProjectZero_handleButtonPress)
                  0000f04a    00000002     drivers_cc26x0r2.aem3 : PowerCC26XX.oem3 (.text:emptyClockFunc)
                  0000f04c    000000ac     data_service.obj (.text:DataService_AddService)
                  0000f0f8    000000ac     driverlib.lib : setup.obj (.text:NOROM_SetupTrimDevice)
                  0000f1a4    000000ac     rf_singleMode_cc26x0r2.aem3 : RFCC26XX_singleMode.oem3 (.text:RF_abortCmd)
                  0000f250    000000ac     UartLog.obj (.text:UartLog_log)
                  0000f2fc    000000ac     att_pxxx.a : att_util.o (.text)
                  0000f3a8    000000ac     ll_pxxx.a : ll.o (.text)
                  0000f454    000000aa               : ll_common.o (.text)
                  0000f4fe    000000aa     sm_pxxx.a : sm_mgr.o (.text)
                  0000f5a8    000000a8     rf_singleMode_cc26x0r2.aem3 : RFCC26XX_singleMode.oem3 (.text:RF_dispatchNextCmd)
                  0000f650    000000a6     rom_sysbios.aem3 : rom_sysbios.obj (.text:xdc_runtime_Text_putSite__E)
                  0000f6f6    00000002     drivers_cc26x0r2.aem3 : CryptoResourceCC26XX.oem3 (.text:errorSpin)
                  0000f6f8    000000a4     project_zero.obj (.text:ProjectZero_processPasscode)
                  0000f79c    000000a4     rf_singleMode_cc26x0r2.aem3 : RFCC26XX_singleMode.oem3 (.text:RF_ratRestartChannels)
                  0000f840    000000a4     project_zero.obj (.text:buttonCallbackFxn)
                  0000f8e4    000000a4     ble5_project_zero_cc2640r2lp_stack_library.lib : osal_cbtimer.obj (.text:cbTimerSetup)
                  0000f988    000000a4     gatt_pxxx.a : gatt_client.o (.text)
                  0000fa2c    000000a4     ll_pxxx.a : ll_common.o (.text)
                  0000fad0    000000a4               : ll_common.o (.text)
                  0000fb74    000000a4               : ll_enc.o (.text)
                  0000fc18    000000a4               : ll_scheduler.o (.text)
                  0000fcbc    000000a4     drivers_cc26x0r2.aem3 : PowerCC26XX.oem3 (.text:switchXOSCHFclockFunc)
                  0000fd60    000000a0     icall.obj (.text:ICall_heapMalloc)
                  0000fe00    000000a0     drivers_cc26x0r2.aem3 : PINCC26XX.oem3 (.text:PIN_open)
                  0000fea0    000000a0     auto_init.aem3 : auto_init.oem3 (.text)
                  0000ff40    000000a0     ble5_project_zero_cc2640r2lp_stack_library.lib : gapbondmgr.obj (.text:gapBondMgrUpdateCharCfg)
                  0000ffe0    0000009c     icall.obj (.text:ICall_heapInit)
                  0001007c    0000009c     rf_singleMode_cc26x0r2.aem3 : RFCC26XX_singleMode.oem3 (.text:RF_calculateDispatchTime)
                  00010118    0000009c     ll_pxxx.a : ll.o (.text)
                  000101b4    0000009c     ble5_project_zero_cc2640r2lp_stack_library.lib : osal_cbtimer.obj (.text:osal_CbTimerProcessEvent)
                  00010250    0000009c     rtsv7M4_T_le_eabi.lib : memcpy_t2.asm.obj (.text)
                  000102ec    0000009a     ll_pxxx.a : ll_ae.o (.text)
                  00010386    00000002     ble5_project_zero_cc2640r2lp_stack_library.lib : hal_assert.obj (.text:halAssertHandler)
                  00010388    00000098     icall.obj (.text:ICall_setTimer)
                  00010420    00000098     drivers_cc26x0r2.aem3 : UARTCC26XX.oem3 (.text:UARTCC26XX_initHw)
                  000104b8    00000098                           : UARTCC26XX.oem3 (.text:UARTCC26XX_initIO)
                  00010550    00000098     ll_pxxx.a : ll.o (.text)
                  000105e8    00000098     rom_sysbios.aem3 : rom_sysbios.obj (.text:ti_sysbios_knl_Clock_workFuncDynamic__E)
                  00010680    00000096     rtsv7M4_T_le_eabi.lib : ull_div_t2.asm.obj (.text)
                  00010716    00000002     ble5_project_zero_cc2640r2lp_stack_library.lib : hal_assert.obj (.text:halAssertSpinlock)
                  00010718    00000094     drivers_cc26x0r2.aem3 : CryptoCC26XX.oem3 (.text:CryptoCC26XX_allocateKey)
                  000107ac    00000094     driverlib.lib : crypto.obj (.text:NOROM_CRYPTOAesLoadKey)
                  00010840    00000094     TRNGCC26XX.obj (.text:TRNGCC26XX_getNumber)
                  000108d4    00000094     project_zero.obj (.text:buttonDebounceSwiFxn)
                  00010968    00000094     gatt_pxxx.a : gatt_server.o (.text)
                  000109fc    00000094     ll_pxxx.a : ll.o (.text)
                  00010a90    00000093     project_zero.obj (.text:ProjectZero_processCmdCompleteEvt)
                  00010b23    00000001     --HOLE-- [fill = 0]
                  00010b24    00000092     gap_pxxx.a : linkdb.o (.text)
                  00010bb6    00000092     ll_pxxx.a : ll_common.o (.text)
                  00010c48    00000092               : ll_enc.o (.text)
                  00010cda    00000002     icall_api_lite.obj (.text:rfErrCb)
                  00010cdc    00000090     drivers_cc26x0r2.aem3 : CryptoCC26XX.oem3 (.text:CryptoCC26XX_open)
                  00010d6c    00000090     project_zero.obj (.text:ProjectZero_updatePHYStat)
                  00010dfc    00000090     driverlib.lib : setup.obj (.text:TrimAfterColdResetWakeupFromShutDown)
                  00010e8c    00000090     ble5_project_zero_cc2640r2lp_stack_library.lib : gapbondmgr.obj (.text:gapBondMgr_syncResolvingList)
                  00010f1c    00000090     gattservapp_util.obj (.text:gattServApp_SendNotiInd)
                  00010fac    00000090     gatt_pxxx.a : gatt_client.o (.text)
                  0001103c    00000090     ll_pxxx.a : ll_scheduler.o (.text)
                  000110cc    00000090               : ll_wl.o (.text)
                  0001115c    00000090     sm_pxxx.a : sm_pairing.o (.text)
                  000111ec    00000090     rom_sysbios.aem3 : rom_sysbios.obj (.text:ti_sysbios_family_arm_cc26xx_Timer_start__E)
                  0001127c    00000090     project_zero.obj (.text:util_arrtohex)
                  0001130c    0000008e     drivers_cc26x0r2.aem3 : UARTCC26XX.oem3 (.text:UARTCC26XX_writeCancel)
                  0001139a    00000002     rtsv7M4_T_le_eabi.lib : div0.asm.obj (.text)
                  0001139c    0000008c     icall_cc2650.obj (.text:ICallPlatform_pwrUpdActivityCounter)
                  00011428    0000008c     led_service.obj (.text:LedService_AddService)
                  000114b4    0000008c     project_zero.obj (.text:ProjectZero_sendParamUpdate)
                  00011540    0000008c     gatt_pxxx.a : gatt_client.o (.text)
                  000115cc    0000008c     ll_pxxx.a : ll_common.o (.text)
                  00011658    00000088     gap_pxxx.a : gap_linkmgr.o (.text)
                  000116e0    00000088     hci_pxxx.a : hci_event.o (.text)
                  00011768    00000088     ble5_project_zero_cc2640r2lp_stack_library.lib : osal_snv_wrapper.obj (.text:writeWord)
                  000117f0    00000086     ll_pxxx.a : ll_common.o (.text)
                  00011876    00000002     app_ble_pem3.oem3 (.text:ti_sysbios_BIOS_nullFunc__I)
                  00011878    00000084     driverlib.lib : crypto.obj (.text:NOROM_CRYPTOCcmInvAuthDecryptResultGet)
                  000118fc    00000084     drivers_cc26x0r2.aem3 : UARTCC26XX.oem3 (.text:UARTCC26XX_close)
                  00011980    00000084     ble5_project_zero_cc2640r2lp_stack_library.lib : osal.obj (.text:osal_event_send)
                  00011a04    00000084     profiles_pxxx.a : gattservapp.o (.text)
                  00011a88    00000084                     : gattservapp.o (.text)
                  00011b0c    00000082     gatt_pxxx.a : gatt_client.o (.text)
                  00011b8e    00000082     ll_pxxx.a : ll.o (.text)
[...]
2000285c  linkParam                                                                 
20002860  dtmInfo                                                                   
20002864  pRfPathComp                                                               
20002868  rtosApiTblPtr                                                             
2000286c  LSTORecoveryArr                                                           
20002870  llCombineState                                                            
20002874  advSetList                                                                
20002878  pRpaCfg                                                                   
20002880  ClockP_tickPeriod                                                         
20002884  HEAPMGR_SIZE                                                              
20002888  tasksEvents                                                               
2000288c  trngCC26XXObjects                                                         
20002890  connInitialMaxTxTimeUncoded                                               
20002892  connInitialMaxTxTimeCoded                                                 
20002896  att_sendRspOnly                                                           
20002898  hciTaskID                                                                 
20002899  hciL2capTaskID                                                            
2000289a  hciGapTaskID                                                              
2000289b  hciSmpTaskID                                                              
2000289c  hciTestTaskID                                                             
2000289d  l2cap_gattServAppTaskID                                                   
2000289e  defaultPhy                                                                
2000289f  scanReqRpt                                                                
200028a0  aeCurAdvEnableHandle                                                      
200028a1  aeCurHandle                                                               
200028a2  aeCurConnHandle                                                           
200028a4  driverlib_release_0_56883                                                 
200028a5  icall_liteTaskId                                                          
200028a6  osal_entity                                                               
200028a7  heapStart                                                                 
20004000  __stack                                                                   
20004000  heapEnd                                                                   
20004400  __STACK_END                                                               
20004400  __STACK_TOP                                                               
200044f8  RAM_BASE_ADDR                                                             
20004504  ROM_FlashJT                                                               
20004558  gapPeripheralCBs                                                          
20004564  gapPeripheralConnCBs                                                      
2000459c  slaveConnHandle                                                           
2000459e  nextHandle                                                                
200045a0  l2capMtuSize                                                              
200045a2  gapAppTaskID                                                              
200045a3  gapAdvAppTaskID                                                           
200045a4  gapUnwantedTaskID                                                         
200045a5  reqTaskId                                                                 
200045a6  gattAppTaskID                                                             
200045a7  appTaskID                                                                 
200045a8  flowCtrlTaskId                                                            
200045a9  SM_appTaskID                                                              
200046ec  scanDataEntry                                                             
200047cc  wlTable                                                                   
200048a8  wlTableScan                                                               
20004988  rfObject                                                                  
20004a20  advCmd                                                                    
20004a68  localEccKeys                                                              
20004aac  initDataEntry                                                             
20004b1c  l2capFixedChannels                                                        
20004b4c  linkCBs                                                                   
20004b7c  eccParams                                                                 
20004bac  initParam                                                                 
20004bd0  scanParam                                                                 
20004bf4  advParam                                                                  
20004c14  cryptoPRAND                                                               
20004c34  txModemTestCmd                                                            
20004c50  gapParams                                                                 
20004c6c  initCmd                                                                   
20004c84  connReqData                                                               
20004c9c  scanCmd                                                                   
20004cb4  scanOutput                                                                
20004ce4  rxModemTestCmd                                                            
20004cfc  rsp                                                                       
20004d14  fwParDtmCmd                                                               
20004d44  fwParRfCmd                                                                
20004d5c  connOutput                                                                
20004d70  rxTestParam                                                               
20004d84  initDataQueue                                                             
20004d94  scanDataQueue                                                             
20004da4  advDataQueue                                                              
20004db4  advOutput                                                                 
20004dc4  txTestParam                                                               
20004dd4  initOutput                                                                
20004de0  rxTestOut                                                                 
20004df8  cachedTRNGdata                                                            
20004e04  gapCurrentRandomAddr                                                      
20004e0c  slaveUpdateReq                                                            
20004e14  pBleEvtMask                                                               
20004e1c  pHciEvtMask                                                               
20004e24  pHciEvtMask2                                                              
20004e2c  ownPublicAddr                                                             
20004e34  ownRandomAddr                                                             
20004e3c  ownSavedPublicAddr                                                        
20004e44  fwImmedCmd                                                                
20004e4c  attServerNotifyTxCB                                                       
20004e50  rfEvent                                                                   
20004e58  fwParCmd                                                                  
20004e60  verInfo                                                                   
20004e68  llConns                                                                   
20004e70  fwParamImmedCmd                                                           
20004e78  privInfo                                                                  
20004e88  rxDataQ                                                                   
20004e8c  txDataQ                                                                   
20004e90  rxRingBuf                                                                 
20004e94  txTestOut                                                                 
20004e98  pGapDiscReq                                                               
20004e9c  pGapAdvertState                                                           
20004ea0  pEstLink                                                                  
20004ea4  pAuthLink                                                                 
20004ea8  pfnCentralConnCBs                                                         
20004eac  pfnPeripheralConnCBs                                                      
20004eb0  pGapAdvTokens                                                             
20004eb4  pGapAdData                                                                
20004eb8  pGapScanRspData                                                           
20004ebc  pfnPeripheralCBs                                                          
20004ec0  pfnCentralCBs                                                             
20004ec8  serverInfoTbl                                                             
20004ecc  pServiceList                                                              
20004ed0  pfnServerProcessMsgCB                                                     
20004ed4  pfnClientProcessMsgCB                                                     
20004ed8  prepareWritesTbl                                                          
20004edc  serviceCBsList                                                            
20004ee0  pAttrValue                                                                
20004ee4  l2capChannels                                                             
20004ee8  linkDB                                                                    
20004eec  rfHandle                                                                  
20004ef0  rfDrvTblPtr                                                               
20004ef4  eccDrvTblPtr                                                              
20004ef8  cryptoDrvTblPtr                                                           
20004efc  trngDrvTblPtr                                                             
20004f00  activeConns                                                               
20004f04  SysBootMsg                                                                
20004f08  sclkSrc                                                                   
20004f0c  buildInfo                                                                 
20004f10  advInfo                                                                   
20004f18  initInfo                                                                  
20004f20  taskEndAction                                                             
20004f24  encParams                                                                 
20004f28  encHandle                                                                 
20004f2c  encKey                                                                    
20004f30  pPairingParams                                                            
20004f34  pfnResponderCBs                                                           
20004f38  pfnInitiatorCBs                                                           
20004f3c  gapLimitedAdvertisingTimeout                                              
20004f3e  attrLen                                                                   
20004f40  numHostBufs                                                               
20004f42  rfCmdHandle                                                               
20004f44  connInitialMaxTxOctets                                                    
20004f46  connInitialMaxTxTime                                                      
20004f48  supportedMaxTxOctets                                                      
20004f4a  supportedMaxTxTime                                                        
20004f4c  supportedMaxRxOctets                                                      
20004f4e  supportedMaxRxTime                                                        
20004f50  taskEndStatus                                                             
20004f52  postRfOperations                                                          
20004f54  rfCfgAdiVal                                                               
20004f58  gapProfileRole                                                            
20004f59  gapDeviceAddrMode                                                         
20004f5a  gapState                                                                  
20004f5b  terminateAllTaskID                                                        
20004f5c  terminateReason                                                           
20004f5d  gapTaskID                                                                 
20004f5e  gattNumConns                                                              
20004f5f  gattTaskID                                                                
20004f60  GATTServApp_TaskID                                                        
20004f61  maxNumPrepareWrites                                                       
20004f62  hciPTMenabled                                                             
20004f63  ctrlToHostEnable                                                          
20004f64  l2capFlowCtrlMode                                                         
20004f65  l2capTaskID                                                               
20004f66  l2capNumChannels                                                          
20004f67  l2capNumDataPkts                                                          
20004f68  l2capId                                                                   
20004f69  linkDBNumConns                                                            
20004f6a  linkDB_secureConnectionOnlyMode                                           
20004f6b  maxPduSize                                                                
20004f6c  rfFeModeBias                                                              
20004f6d  maxNumTxDataBufs                                                          
20004f6e  LL_TaskID                                                                 
20004f6f  llState                                                                   
20004f70  rssiCorrection                                                            
20004f71  curTxPowerVal                                                             
20004f72  maxTxPwrForDTM                                                            
20004f73  onePktPerEvt                                                              
20004f74  numComplPkts                                                              
20004f75  numComplPktsLimit                                                         
20004f76  numComplPktsFlush                                                         
20004f77  fastTxRespTime                                                            
20004f78  slOverride                                                                
20004f79  rxFifoFlowCtrl                                                            
20004f7a  numTxDataBufs                                                             
20004f7b  maxNumConns                                                               
20004f7c  smTaskID                                                                  
20004f7d  SM_appExpectingKey                                                        
20004f80  ECC_DATA$$Base                                                            
20004f80  eccRom_param_Gx                                                           
20004f84  eccRom_param_Gy                                                           
20004f88  eccRom_workzone                                                           
20004f8c  eccRom_param_p                                                            
20004f90  eccRom_param_r                                                            
20004f94  eccRom_param_a                                                            
20004f98  eccRom_param_b                                                            
20004f9c  eccRom_windowSize                                                         
20004fa0  aux64                                                                     
20004fa8  MOD                                                                       
20004fac  LEN                                                                       
20004fb0  inScalar                                                                  
20004fb4  inPointX                                                                  
20004fb8  inPointY                                                                  
20004fbc  outPointX                                                                 
20004fc0  outPointY                                                                 
20004fc4  SCAL                                                                      
20004fc8  EXPX                                                                      
20004fcc  EXPY                                                                      
20004fd0  EXPZ                                                                      
20004fd4  EXPW                                                                      
20004fd8  ACCX                                                                      
20004fdc  ACCY                                                                      
20004fe0  ACCZ                                                                      
20004fe4  TMP1                                                                      
20004fe8  TMP2                                                                      
20004fec  TMP3                                                                      
20004ff0  TMP4                                                                      
20004ff4  TMP5                                                                      
20004ff8  TMP6                                                                      
20004ffc  MSBMOD                                                                    
20005000  ECC_DATA$$Limit                                                           
20005000  __UNUSED_SRAM_end__                                                       
e000e000  ti_sysbios_family_arm_m3_Hwi_nvic                                         
ffffffff  __TI_pprof_out_hndl                                                       
ffffffff  __TI_prof_data_size                                                       
ffffffff  __TI_prof_data_start                                                      
ffffffff  __binit__                                                                 
ffffffff  __c_args__                                                                
ffffffff  binit                                                                     
UNDEFED   SHT$$INIT_ARRAY$$Base                                                     
UNDEFED   SHT$$INIT_ARRAY$$Limit                                                    

[2465 symbols]
